   ▲ Next.js 15.2.4

   Creating an optimized production build ...
npx : Failed to 
compile.
At line:1 char:1
+ npx next build *> 
build_output.log
+ ~~~~~~~~~~~~~~~~~~~~
~~~~~~~~~~~~~~
    + CategoryInfo    
          : NotSpeci  
  fied: (Failed to    
 compile.:String)     
[], RemoteExcepti    
on
    + FullyQualifiedE 
   rrorId : NativeCo  
  mmandError
 

./app/api/projects/[id
]/floor-plans/route.ts
Module not found: 
Can't resolve 
'mongodb'

https://nextjs.org/doc
s/messages/module-not-
found

./app/api/users/[id]/r
oute.ts
Module not found: 
Can't resolve 
'mongodb'

https://nextjs.org/doc
s/messages/module-not-
found

./lib/auth-edge.ts
Module not found: 
Can't resolve 'jose'

https://nextjs.org/doc
s/messages/module-not-
found

Import trace for 
requested module:
./lib/auth.ts
./app/api/analytics/ro
ute.ts

./lib/auth.ts
Module not found: 
Can't resolve 
'bcryptjs'

https://nextjs.org/doc
s/messages/module-not-
found

Import trace for 
requested module:
./app/api/analytics/ro
ute.ts

./lib/image-storage.ts
Module not found: 
Can't resolve 
'node-fetch'

https://nextjs.org/doc
s/messages/module-not-
found

Import trace for 
requested module:
./app/api/floor-plans/
route.ts


> Build failed 
because of webpack 
errors
