.next/types/app/api/projects/[id]/materials/route.ts(166,7): error TS2344: Type '{ __tag__: "POST"; __param_position__: "second"; __param_type__: { params: { id: string; }; }; }' does not satisfy the constraint 'ParamCheck<RouteContext>'.
  The types of '__param_type__.params' are incompatible between these types.
    Type '{ id: string; }' is missing the following properties from type 'Promise<any>': then, catch, finally, [Symbol.toStringTag]
.next/types/app/api/projects/[id]/materials/route.ts(244,7): error TS2344: Type '{ __tag__: "DELETE"; __param_position__: "second"; __param_type__: { params: { id: string; }; }; }' does not satisfy the constraint 'ParamCheck<RouteContext>'.
  The types of '__param_type__.params' are incompatible between these types.
    Type '{ id: string; }' is missing the following properties from type 'Promise<any>': then, catch, finally, [Symbol.toStringTag]
.next/types/app/api/projects/[id]/route.ts(49,7): error TS2344: Type '{ __tag__: "GET"; __param_position__: "second"; __param_type__: { params: { id: string; }; }; }' does not satisfy the constraint 'ParamCheck<RouteContext>'.
  The types of '__param_type__.params' are incompatible between these types.
    Type '{ id: string; }' is missing the following properties from type 'Promise<any>': then, catch, finally, [Symbol.toStringTag]
.next/types/app/api/projects/[id]/route.ts(244,7): error TS2344: Type '{ __tag__: "DELETE"; __param_position__: "second"; __param_type__: { params: { id: string; }; }; }' does not satisfy the constraint 'ParamCheck<RouteContext>'.
  The types of '__param_type__.params' are incompatible between these types.
    Type '{ id: string; }' is missing the following properties from type 'Promise<any>': then, catch, finally, [Symbol.toStringTag]
app/about/page.tsx(102,13): error TS2322: Type '{ children: Element[]; initial: string; animate: string; variants: { hidden: { opacity: number; y: number; }; visible: { opacity: number; y: number; transition: { duration: number; }; }; }; className: string; }' is not assignable to type 'IntrinsicAttributes & HTMLAttributesWithoutMotionProps<unknown, unknown> & MotionProps & RefAttributes<unknown>'.
  Property 'className' does not exist on type 'IntrinsicAttributes & HTMLAttributesWithoutMotionProps<unknown, unknown> & MotionProps & RefAttributes<unknown>'.
app/about/page.tsx(137,13): error TS2322: Type '{ children: Element[]; initial: string; whileInView: string; viewport: { once: true; }; variants: { hidden: { opacity: number; y: number; }; visible: { opacity: number; y: number; transition: { duration: number; }; }; }; className: string; }' is not assignable to type 'IntrinsicAttributes & HTMLAttributesWithoutMotionProps<unknown, unknown> & MotionProps & RefAttributes<unknown>'.
  Property 'className' does not exist on type 'IntrinsicAttributes & HTMLAttributesWithoutMotionProps<unknown, unknown> & MotionProps & RefAttributes<unknown>'.
app/about/page.tsx(152,13): error TS2322: Type '{ children: Element[]; initial: string; whileInView: string; viewport: { once: true; }; variants: { hidden: { opacity: number; }; visible: { opacity: number; transition: { staggerChildren: number; }; }; }; className: string; }' is not assignable to type 'IntrinsicAttributes & HTMLAttributesWithoutMotionProps<unknown, unknown> & MotionProps & RefAttributes<unknown>'.
  Property 'className' does not exist on type 'IntrinsicAttributes & HTMLAttributesWithoutMotionProps<unknown, unknown> & MotionProps & RefAttributes<unknown>'.
app/about/page.tsx(174,17): error TS2322: Type '{ children: Element; key: number; variants: { hidden: { opacity: number; y: number; }; visible: { opacity: number; y: number; transition: { duration: number; }; }; }; className: string; }' is not assignable to type 'IntrinsicAttributes & HTMLAttributesWithoutMotionProps<unknown, unknown> & MotionProps & RefAttributes<unknown>'.
  Property 'className' does not exist on type 'IntrinsicAttributes & HTMLAttributesWithoutMotionProps<unknown, unknown> & MotionProps & RefAttributes<unknown>'.
app/about/page.tsx(225,15): error TS2322: Type '{ children: Element[]; initial: string; whileInView: string; viewport: { once: true; }; variants: { hidden: { opacity: number; y: number; }; visible: { opacity: number; y: number; transition: { duration: number; }; }; }; className: string; }' is not assignable to type 'IntrinsicAttributes & HTMLAttributesWithoutMotionProps<unknown, unknown> & MotionProps & RefAttributes<unknown>'.
  Property 'className' does not exist on type 'IntrinsicAttributes & HTMLAttributesWithoutMotionProps<unknown, unknown> & MotionProps & RefAttributes<unknown>'.
app/about/page.tsx(253,13): error TS2322: Type '{ children: Element[]; initial: string; whileInView: string; viewport: { once: true; }; variants: { hidden: { opacity: number; y: number; }; visible: { opacity: number; y: number; transition: { duration: number; }; }; }; className: string; }' is not assignable to type 'IntrinsicAttributes & HTMLAttributesWithoutMotionProps<unknown, unknown> & MotionProps & RefAttributes<unknown>'.
  Property 'className' does not exist on type 'IntrinsicAttributes & HTMLAttributesWithoutMotionProps<unknown, unknown> & MotionProps & RefAttributes<unknown>'.
app/about/page.tsx(268,13): error TS2322: Type '{ children: Element[]; initial: string; whileInView: string; viewport: { once: true; }; variants: { hidden: { opacity: number; }; visible: { opacity: number; transition: { staggerChildren: number; }; }; }; className: string; }' is not assignable to type 'IntrinsicAttributes & HTMLAttributesWithoutMotionProps<unknown, unknown> & MotionProps & RefAttributes<unknown>'.
  Property 'className' does not exist on type 'IntrinsicAttributes & HTMLAttributesWithoutMotionProps<unknown, unknown> & MotionProps & RefAttributes<unknown>'.
app/about/page.tsx(274,17): error TS2322: Type '{ children: Element[]; key: number; variants: { hidden: { opacity: number; y: number; }; visible: { opacity: number; y: number; transition: { duration: number; }; }; }; className: string; }' is not assignable to type 'IntrinsicAttributes & HTMLAttributesWithoutMotionProps<unknown, unknown> & MotionProps & RefAttributes<unknown>'.
  Property 'className' does not exist on type 'IntrinsicAttributes & HTMLAttributesWithoutMotionProps<unknown, unknown> & MotionProps & RefAttributes<unknown>'.
app/about/page.tsx(314,13): error TS2322: Type '{ children: Element[]; initial: string; whileInView: string; viewport: { once: true; }; variants: { hidden: { opacity: number; }; visible: { opacity: number; transition: { staggerChildren: number; }; }; }; className: string; }' is not assignable to type 'IntrinsicAttributes & HTMLAttributesWithoutMotionProps<unknown, unknown> & MotionProps & RefAttributes<unknown>'.
  Property 'className' does not exist on type 'IntrinsicAttributes & HTMLAttributesWithoutMotionProps<unknown, unknown> & MotionProps & RefAttributes<unknown>'.
app/about/page.tsx(325,17): error TS2322: Type '{ children: Element[]; key: number; variants: { hidden: { opacity: number; y: number; }; visible: { opacity: number; y: number; transition: { duration: number; }; }; }; className: string; }' is not assignable to type 'IntrinsicAttributes & HTMLAttributesWithoutMotionProps<unknown, unknown> & MotionProps & RefAttributes<unknown>'.
  Property 'className' does not exist on type 'IntrinsicAttributes & HTMLAttributesWithoutMotionProps<unknown, unknown> & MotionProps & RefAttributes<unknown>'.
app/about/page.tsx(345,13): error TS2322: Type '{ children: Element[]; initial: string; whileInView: string; viewport: { once: true; }; variants: { hidden: { opacity: number; y: number; }; visible: { opacity: number; y: number; transition: { duration: number; }; }; }; className: string; }' is not assignable to type 'IntrinsicAttributes & HTMLAttributesWithoutMotionProps<unknown, unknown> & MotionProps & RefAttributes<unknown>'.
  Property 'className' does not exist on type 'IntrinsicAttributes & HTMLAttributesWithoutMotionProps<unknown, unknown> & MotionProps & RefAttributes<unknown>'.
app/admin/approval-confirmation/page.tsx(22,9): error TS2322: Type '{ children: Element; initial: { opacity: number; scale: number; }; animate: { opacity: number; scale: number; }; transition: { duration: number; }; className: string; }' is not assignable to type 'IntrinsicAttributes & HTMLAttributesWithoutMotionProps<unknown, unknown> & MotionProps & RefAttributes<unknown>'.
  Property 'className' does not exist on type 'IntrinsicAttributes & HTMLAttributesWithoutMotionProps<unknown, unknown> & MotionProps & RefAttributes<unknown>'.
app/admin/register/page.tsx(67,11): error TS2322: Type '{ children: Element; initial: { opacity: number; scale: number; }; animate: { opacity: number; scale: number; }; transition: { duration: number; }; className: string; }' is not assignable to type 'IntrinsicAttributes & HTMLAttributesWithoutMotionProps<unknown, unknown> & MotionProps & RefAttributes<unknown>'.
  Property 'className' does not exist on type 'IntrinsicAttributes & HTMLAttributesWithoutMotionProps<unknown, unknown> & MotionProps & RefAttributes<unknown>'.
app/admin/register/page.tsx(102,9): error TS2322: Type '{ children: Element[]; initial: { opacity: number; y: number; }; animate: { opacity: number; y: number; }; transition: { duration: number; }; className: string; }' is not assignable to type 'IntrinsicAttributes & HTMLAttributesWithoutMotionProps<unknown, unknown> & MotionProps & RefAttributes<unknown>'.
  Property 'className' does not exist on type 'IntrinsicAttributes & HTMLAttributesWithoutMotionProps<unknown, unknown> & MotionProps & RefAttributes<unknown>'.
app/api/floor-plans/process/route.ts(79,30): error TS2339: Property 'visualization3D' does not exist on type 'Object'.
app/api/floor-plans/process/route.ts(80,54): error TS2339: Property 'visualization3D' does not exist on type 'Object'.
app/api/floor-plans/process/route.ts(91,30): error TS2339: Property 'data' does not exist on type 'Object'.
app/api/floor-plans/process/route.ts(92,30): error TS2339: Property 'data' does not exist on type 'Object'.
app/api/floor-plans/process/route.ts(99,32): error TS2339: Property 'visualization3D' does not exist on type 'Object'.
app/api/floor-plans/process/route.ts(100,30): error TS2339: Property 'visualization3D' does not exist on type 'Object'.
app/api/floor-plans/process/route.ts(102,32): error TS2339: Property 'floorPlanData' does not exist on type 'Object'.
app/api/floor-plans/process/route.ts(103,30): error TS2339: Property 'floorPlanData' does not exist on type 'Object'.
app/api/real-time/materials/route.ts(112,11): error TS18046: 'fetchError' is of type 'unknown'.
app/api/real-time/materials/route.ts(142,57): error TS1501: This regular expression flag is only available when targeting 'es2018' or later.
app/contact/page.tsx(120,13): error TS2322: Type '{ children: Element[]; initial: string; animate: string; variants: { hidden: { opacity: number; y: number; }; visible: { opacity: number; y: number; transition: { duration: number; }; }; }; className: string; }' is not assignable to type 'IntrinsicAttributes & HTMLAttributesWithoutMotionProps<unknown, unknown> & MotionProps & RefAttributes<unknown>'.
  Property 'className' does not exist on type 'IntrinsicAttributes & HTMLAttributesWithoutMotionProps<unknown, unknown> & MotionProps & RefAttributes<unknown>'.
app/contact/page.tsx(141,15): error TS2322: Type '{ children: Element[]; initial: string; animate: string; variants: { hidden: { opacity: number; y: number; }; visible: { opacity: number; y: number; transition: { duration: number; }; }; }; className: string; }' is not assignable to type 'IntrinsicAttributes & HTMLAttributesWithoutMotionProps<unknown, unknown> & MotionProps & RefAttributes<unknown>'.
  Property 'className' does not exist on type 'IntrinsicAttributes & HTMLAttributesWithoutMotionProps<unknown, unknown> & MotionProps & RefAttributes<unknown>'.
app/contact/page.tsx(292,15): error TS2322: Type '{ children: Element[]; initial: string; animate: string; variants: { hidden: { opacity: number; y: number; }; visible: { opacity: number; y: number; transition: { duration: number; }; }; }; className: string; }' is not assignable to type 'IntrinsicAttributes & HTMLAttributesWithoutMotionProps<unknown, unknown> & MotionProps & RefAttributes<unknown>'.
  Property 'className' does not exist on type 'IntrinsicAttributes & HTMLAttributesWithoutMotionProps<unknown, unknown> & MotionProps & RefAttributes<unknown>'.
app/contact/page.tsx(403,13): error TS2322: Type '{ children: Element; initial: string; whileInView: string; viewport: { once: true; }; variants: { hidden: { opacity: number; y: number; }; visible: { opacity: number; y: number; transition: { duration: number; }; }; }; className: string; }' is not assignable to type 'IntrinsicAttributes & HTMLAttributesWithoutMotionProps<unknown, unknown> & MotionProps & RefAttributes<unknown>'.
  Property 'className' does not exist on type 'IntrinsicAttributes & HTMLAttributesWithoutMotionProps<unknown, unknown> & MotionProps & RefAttributes<unknown>'.
app/contact/page.tsx(426,13): error TS2322: Type '{ children: Element[]; initial: string; whileInView: string; viewport: { once: true; }; variants: { hidden: { opacity: number; y: number; }; visible: { opacity: number; y: number; transition: { duration: number; }; }; }; className: string; }' is not assignable to type 'IntrinsicAttributes & HTMLAttributesWithoutMotionProps<unknown, unknown> & MotionProps & RefAttributes<unknown>'.
  Property 'className' does not exist on type 'IntrinsicAttributes & HTMLAttributesWithoutMotionProps<unknown, unknown> & MotionProps & RefAttributes<unknown>'.
app/contact/page.tsx(442,15): error TS2322: Type '{ children: Element[]; initial: string; whileInView: string; viewport: { once: true; }; variants: { hidden: { opacity: number; y: number; }; visible: { opacity: number; y: number; transition: { duration: number; }; }; }; className: string; }' is not assignable to type 'IntrinsicAttributes & HTMLAttributesWithoutMotionProps<unknown, unknown> & MotionProps & RefAttributes<unknown>'.
  Property 'className' does not exist on type 'IntrinsicAttributes & HTMLAttributesWithoutMotionProps<unknown, unknown> & MotionProps & RefAttributes<unknown>'.
app/contact/page.tsx(484,13): error TS2322: Type '{ children: Element[]; initial: string; whileInView: string; viewport: { once: true; }; variants: { hidden: { opacity: number; y: number; }; visible: { opacity: number; y: number; transition: { duration: number; }; }; }; className: string; }' is not assignable to type 'IntrinsicAttributes & HTMLAttributesWithoutMotionProps<unknown, unknown> & MotionProps & RefAttributes<unknown>'.
  Property 'className' does not exist on type 'IntrinsicAttributes & HTMLAttributesWithoutMotionProps<unknown, unknown> & MotionProps & RefAttributes<unknown>'.
app/dashboard/ai-tools/page.tsx(144,32): error TS7006: Parameter 'material' implicitly has an 'any' type.
app/dashboard/ai-tools/page.tsx(145,16): error TS7053: Element implicitly has an 'any' type because expression of type 'any' can't be used to index type '{}'.
app/dashboard/ai-tools/page.tsx(146,13): error TS7053: Element implicitly has an 'any' type because expression of type 'any' can't be used to index type '{}'.
app/dashboard/ai-tools/page.tsx(148,11): error TS7053: Element implicitly has an 'any' type because expression of type 'any' can't be used to index type '{}'.
app/dashboard/ai-tools/page.tsx(154,11): error TS18046: 'materials' is of type 'unknown'.
app/dashboard/ai-tools/page.tsx(154,29): error TS7006: Parameter 'material' implicitly has an 'any' type.
app/dashboard/ai-tools/page.tsx(168,67): error TS18046: 'error' is of type 'unknown'.
app/dashboard/ai-tools/page.tsx(417,35): error TS2322: Type '{ className: string; }' is not assignable to type 'IntrinsicAttributes & HTMLAttributesWithoutMotionProps<unknown, unknown> & MotionProps & RefAttributes<unknown>'.
  Property 'className' does not exist on type 'IntrinsicAttributes & HTMLAttributesWithoutMotionProps<unknown, unknown> & MotionProps & RefAttributes<unknown>'.
app/dashboard/page.tsx(122,75): error TS2339: Property 'firstName' does not exist on type 'AuthUser'.
app/dashboard/page.tsx(122,94): error TS2339: Property 'username' does not exist on type 'AuthUser'.
app/dashboard/page.tsx(178,17): error TS2322: Type '{ children: Element[]; initial: { opacity: number; }; animate: { opacity: number; }; transition: { duration: number; }; className: string; }' is not assignable to type 'IntrinsicAttributes & HTMLAttributesWithoutMotionProps<unknown, unknown> & MotionProps & RefAttributes<unknown>'.
  Property 'className' does not exist on type 'IntrinsicAttributes & HTMLAttributesWithoutMotionProps<unknown, unknown> & MotionProps & RefAttributes<unknown>'.
app/dashboard/page.tsx(188,23): error TS2322: Type 'Project' is not assignable to type '{ id?: string | undefined; _id?: string | { toString(): string; } | undefined; name: string; description: string; landArea?: string | undefined; landUnit?: string | undefined; budget?: string | undefined; ... 4 more ...; owner?: string | undefined; }'.
  Types of property 'budget' are incompatible.
    Type 'string | number' is not assignable to type 'string | undefined'.
      Type 'number' is not assignable to type 'string'.
app/dashboard/projects/[id]/page.tsx(412,8): error TS2322: Type '{ children: Element; heading: string; text: string; }' is not assignable to type 'IntrinsicAttributes'.
  Property 'children' does not exist on type 'IntrinsicAttributes'.
app/dashboard/projects/page.tsx(193,8): error TS2322: Type '{ children: Element; heading: string; text: string; }' is not assignable to type 'IntrinsicAttributes'.
  Property 'children' does not exist on type 'IntrinsicAttributes'.
app/page.tsx(108,15): error TS2322: Type '{ children: Element; key: number; initial: { opacity: number; scale: number; }; animate: { opacity: number; scale: number; }; exit: { opacity: number; scale: number; }; transition: { duration: number; }; className: string; }' is not assignable to type 'IntrinsicAttributes & HTMLAttributesWithoutMotionProps<unknown, unknown> & MotionProps & RefAttributes<unknown>'.
  Property 'className' does not exist on type 'IntrinsicAttributes & HTMLAttributesWithoutMotionProps<unknown, unknown> & MotionProps & RefAttributes<unknown>'.
app/page.tsx(129,15): error TS2322: Type '{ children: Element[]; key: number; initial: { opacity: number; y: number; }; animate: { opacity: number; y: number; }; exit: { opacity: number; y: number; }; transition: { duration: number; }; className: string; }' is not assignable to type 'IntrinsicAttributes & HTMLAttributesWithoutMotionProps<unknown, unknown> & MotionProps & RefAttributes<unknown>'.
  Property 'className' does not exist on type 'IntrinsicAttributes & HTMLAttributesWithoutMotionProps<unknown, unknown> & MotionProps & RefAttributes<unknown>'.
app/page.tsx(159,15): error TS2322: Type '{ children: Element; animate: { y: [number, number, number]; }; transition: { repeat: number; duration: number; }; onClick: () => void; className: string; }' is not assignable to type 'IntrinsicAttributes & HTMLAttributesWithoutMotionProps<unknown, unknown> & MotionProps & RefAttributes<unknown>'.
  Property 'onClick' does not exist on type 'IntrinsicAttributes & HTMLAttributesWithoutMotionProps<unknown, unknown> & MotionProps & RefAttributes<unknown>'.
app/page.tsx(176,13): error TS2322: Type '{ children: Element[]; initial: { opacity: number; y: number; }; whileInView: { opacity: number; y: number; }; transition: { duration: number; }; viewport: { once: true; }; className: string; }' is not assignable to type 'IntrinsicAttributes & HTMLAttributesWithoutMotionProps<unknown, unknown> & MotionProps & RefAttributes<unknown>'.
  Property 'className' does not exist on type 'IntrinsicAttributes & HTMLAttributesWithoutMotionProps<unknown, unknown> & MotionProps & RefAttributes<unknown>'.
app/page.tsx(192,13): error TS2322: Type '{ children: Element[]; variants: { hidden: { opacity: number; }; show: { opacity: number; transition: { staggerChildren: number; }; }; }; initial: string; whileInView: string; viewport: { once: true; }; className: string; }' is not assignable to type 'IntrinsicAttributes & HTMLAttributesWithoutMotionProps<unknown, unknown> & MotionProps & RefAttributes<unknown>'.
  Property 'className' does not exist on type 'IntrinsicAttributes & HTMLAttributesWithoutMotionProps<unknown, unknown> & MotionProps & RefAttributes<unknown>'.
app/page.tsx(196,15): error TS2322: Type '{ children: Element[]; variants: { hidden: { opacity: number; y: number; }; show: { opacity: number; y: number; transition: { duration: number; }; }; }; className: string; }' is not assignable to type 'IntrinsicAttributes & HTMLAttributesWithoutMotionProps<unknown, unknown> & MotionProps & RefAttributes<unknown>'.
  Property 'className' does not exist on type 'IntrinsicAttributes & HTMLAttributesWithoutMotionProps<unknown, unknown> & MotionProps & RefAttributes<unknown>'.
app/page.tsx(213,15): error TS2322: Type '{ children: Element[]; variants: { hidden: { opacity: number; y: number; }; show: { opacity: number; y: number; transition: { duration: number; }; }; }; className: string; }' is not assignable to type 'IntrinsicAttributes & HTMLAttributesWithoutMotionProps<unknown, unknown> & MotionProps & RefAttributes<unknown>'.
  Property 'className' does not exist on type 'IntrinsicAttributes & HTMLAttributesWithoutMotionProps<unknown, unknown> & MotionProps & RefAttributes<unknown>'.
app/page.tsx(230,15): error TS2322: Type '{ children: Element[]; variants: { hidden: { opacity: number; y: number; }; show: { opacity: number; y: number; transition: { duration: number; }; }; }; className: string; }' is not assignable to type 'IntrinsicAttributes & HTMLAttributesWithoutMotionProps<unknown, unknown> & MotionProps & RefAttributes<unknown>'.
  Property 'className' does not exist on type 'IntrinsicAttributes & HTMLAttributesWithoutMotionProps<unknown, unknown> & MotionProps & RefAttributes<unknown>'.
app/page.tsx(256,13): error TS2322: Type '{ children: Element[]; initial: { opacity: number; y: number; }; whileInView: { opacity: number; y: number; }; transition: { duration: number; }; viewport: { once: true; }; className: string; }' is not assignable to type 'IntrinsicAttributes & HTMLAttributesWithoutMotionProps<unknown, unknown> & MotionProps & RefAttributes<unknown>'.
  Property 'className' does not exist on type 'IntrinsicAttributes & HTMLAttributesWithoutMotionProps<unknown, unknown> & MotionProps & RefAttributes<unknown>'.
app/page.tsx(295,17): error TS2322: Type '{ children: (false | Element)[]; key: number; initial: { opacity: number; y: number; }; whileInView: { opacity: number; y: number; }; transition: { duration: number; delay: number; }; viewport: { ...; }; className: string; }' is not assignable to type 'IntrinsicAttributes & HTMLAttributesWithoutMotionProps<unknown, unknown> & MotionProps & RefAttributes<unknown>'.
  Property 'className' does not exist on type 'IntrinsicAttributes & HTMLAttributesWithoutMotionProps<unknown, unknown> & MotionProps & RefAttributes<unknown>'.
app/page.tsx(325,13): error TS2322: Type '{ children: Element[]; initial: { opacity: number; scale: number; }; whileInView: { opacity: number; scale: number; }; transition: { duration: number; }; viewport: { once: true; }; className: string; }' is not assignable to type 'IntrinsicAttributes & HTMLAttributesWithoutMotionProps<unknown, unknown> & MotionProps & RefAttributes<unknown>'.
  Property 'className' does not exist on type 'IntrinsicAttributes & HTMLAttributesWithoutMotionProps<unknown, unknown> & MotionProps & RefAttributes<unknown>'.
components/create-project-dialog.tsx(850,17): error TS2322: Type '{ children: Element[]; key: string; variants: { hidden: { opacity: number; x: number; }; visible: { opacity: number; x: number; }; exit: { opacity: number; x: number; }; }; initial: string; animate: string; exit: string; transition: { ...; }; className: string; }' is not assignable to type 'IntrinsicAttributes & HTMLAttributesWithoutMotionProps<unknown, unknown> & MotionProps & RefAttributes<unknown>'.
  Property 'className' does not exist on type 'IntrinsicAttributes & HTMLAttributesWithoutMotionProps<unknown, unknown> & MotionProps & RefAttributes<unknown>'.
components/create-project-dialog.tsx(885,17): error TS2322: Type '{ children: Element[]; key: string; variants: { hidden: { opacity: number; x: number; }; visible: { opacity: number; x: number; }; exit: { opacity: number; x: number; }; }; initial: string; animate: string; exit: string; transition: { ...; }; className: string; }' is not assignable to type 'IntrinsicAttributes & HTMLAttributesWithoutMotionProps<unknown, unknown> & MotionProps & RefAttributes<unknown>'.
  Property 'className' does not exist on type 'IntrinsicAttributes & HTMLAttributesWithoutMotionProps<unknown, unknown> & MotionProps & RefAttributes<unknown>'.
components/create-project-dialog.tsx(1011,17): error TS2322: Type '{ children: Element[]; key: string; variants: { hidden: { opacity: number; x: number; }; visible: { opacity: number; x: number; }; exit: { opacity: number; x: number; }; }; initial: string; animate: string; exit: string; transition: { ...; }; className: string; }' is not assignable to type 'IntrinsicAttributes & HTMLAttributesWithoutMotionProps<unknown, unknown> & MotionProps & RefAttributes<unknown>'.
  Property 'className' does not exist on type 'IntrinsicAttributes & HTMLAttributesWithoutMotionProps<unknown, unknown> & MotionProps & RefAttributes<unknown>'.
components/create-project-dialog.tsx(1105,17): error TS2322: Type '{ children: Element; key: string; variants: { hidden: { opacity: number; x: number; }; visible: { opacity: number; x: number; }; exit: { opacity: number; x: number; }; }; initial: string; animate: string; exit: string; transition: { ...; }; className: string; }' is not assignable to type 'IntrinsicAttributes & HTMLAttributesWithoutMotionProps<unknown, unknown> & MotionProps & RefAttributes<unknown>'.
  Property 'className' does not exist on type 'IntrinsicAttributes & HTMLAttributesWithoutMotionProps<unknown, unknown> & MotionProps & RefAttributes<unknown>'.
components/create-project-dialog.tsx(1357,17): error TS2322: Type '{ children: Element[]; key: string; variants: { hidden: { opacity: number; x: number; }; visible: { opacity: number; x: number; }; exit: { opacity: number; x: number; }; }; initial: string; animate: string; exit: string; transition: { ...; }; className: string; }' is not assignable to type 'IntrinsicAttributes & HTMLAttributesWithoutMotionProps<unknown, unknown> & MotionProps & RefAttributes<unknown>'.
  Property 'className' does not exist on type 'IntrinsicAttributes & HTMLAttributesWithoutMotionProps<unknown, unknown> & MotionProps & RefAttributes<unknown>'.
components/designer-recommendations.tsx(24,26): error TS2307: Cannot find module '@/lib/mongodb-models' or its corresponding type declarations.
components/designer-recommendations.tsx(53,38): error TS7006: Parameter 's' implicitly has an 'any' type.
components/designer-recommendations.tsx(145,59): error TS7006: Parameter 'n' implicitly has an 'any' type.
components/designer-recommendations.tsx(194,53): error TS7006: Parameter 'spec' implicitly has an 'any' type.
components/designer-recommendations.tsx(194,59): error TS7006: Parameter 'i' implicitly has an 'any' type.
components/designer-recommendations.tsx(236,63): error TS7006: Parameter 'n' implicitly has an 'any' type.
components/designer-recommendations.tsx(335,60): error TS7006: Parameter 'url' implicitly has an 'any' type.
components/designer-recommendations.tsx(335,65): error TS7006: Parameter 'i' implicitly has an 'any' type.
components/designer-recommendations.tsx(355,56): error TS7006: Parameter 'review' implicitly has an 'any' type.
components/designer-recommendations.tsx(355,64): error TS7006: Parameter 'i' implicitly has an 'any' type.
components/energy-recommendations.tsx(22,38): error TS2307: Cannot find module '@/lib/mongodb-models' or its corresponding type declarations.
components/floor-plan-display.tsx(25,27): error TS2307: Cannot find module '@/lib/mongodb-models' or its corresponding type declarations.
components/floor-plan-display.tsx(188,43): error TS7006: Parameter 'room' implicitly has an 'any' type.
components/floor-plan-display.tsx(188,49): error TS7006: Parameter 'index' implicitly has an 'any' type.
components/floor-plan-display.tsx(291,15): error TS2322: Type '{ children: any[]; initial: { opacity: number; }; animate: { opacity: number; }; className: string; }' is not assignable to type 'IntrinsicAttributes & HTMLAttributesWithoutMotionProps<unknown, unknown> & MotionProps & RefAttributes<unknown>'.
  Property 'className' does not exist on type 'IntrinsicAttributes & HTMLAttributesWithoutMotionProps<unknown, unknown> & MotionProps & RefAttributes<unknown>'.
components/floor-plan-display.tsx(300,15): error TS2322: Type '{ children: Element; initial: { scaleX: number; }; animate: { scaleX: number; }; className: string; }' is not assignable to type 'IntrinsicAttributes & HTMLAttributesWithoutMotionProps<unknown, unknown> & MotionProps & RefAttributes<unknown>'.
  Property 'className' does not exist on type 'IntrinsicAttributes & HTMLAttributesWithoutMotionProps<unknown, unknown> & MotionProps & RefAttributes<unknown>'.
components/floor-plan-display.tsx(311,15): error TS2322: Type '{ children: Element; initial: { scaleY: number; }; animate: { scaleY: number; }; className: string; }' is not assignable to type 'IntrinsicAttributes & HTMLAttributesWithoutMotionProps<unknown, unknown> & MotionProps & RefAttributes<unknown>'.
  Property 'className' does not exist on type 'IntrinsicAttributes & HTMLAttributesWithoutMotionProps<unknown, unknown> & MotionProps & RefAttributes<unknown>'.
components/material-recommendations.tsx(21,26): error TS2307: Cannot find module '@/lib/mongodb-models' or its corresponding type declarations.
data/location-data.ts(275,3): error TS1117: An object literal cannot have multiple properties with the same name.
data/location-data.ts(277,3): error TS1117: An object literal cannot have multiple properties with the same name.
data/location-data.ts(284,3): error TS1117: An object literal cannot have multiple properties with the same name.
hooks/use-toast.ts(9,8): error TS2307: Cannot find module '@/components/ui/toast' or its corresponding type declarations.
hooks/use-toast.ts(161,22): error TS7006: Parameter 'open' implicitly has an 'any' type.
lib/auth-edge.ts(1,36): error TS2307: Cannot find module 'jose' or its corresponding type declarations.
lib/image-storage.ts(4,19): error TS2307: Cannot find module 'node-fetch' or its corresponding type declarations.
lib/local-db.ts(63,34): error TS7006: Parameter 'item' implicitly has an 'any' type.
lib/local-db.ts(76,24): error TS7006: Parameter 'item' implicitly has an 'any' type.
lib/local-db.ts(97,36): error TS7006: Parameter 'item' implicitly has an 'any' type.
lib/local-db.ts(114,40): error TS7006: Parameter 'item' implicitly has an 'any' type.
lib/local-db.ts(129,26): error TS7006: Parameter 'item' implicitly has an 'any' type.
lib/local-db.ts(149,24): error TS7006: Parameter 'item' implicitly has an 'any' type.
lib/models/project.ts(1,31): error TS2307: Cannot find module 'mongodb' or its corresponding type declarations.
